// Jest Snapshot v1, https://goo.gl/fbAQLP

exports[`MeteoriteListItem.vue renders meteorite 1`] = `
<div>
  <div class="mx-auto my-2 v-card v-card--raised v-sheet v-sheet--shaped theme--light" style="max-width: 250px;" data-testid="base-card">
    <header class="white--text v-sheet theme--light v-toolbar v-toolbar--dense" style="width: 100%; height: 48px; background-color: rgb(27, 87, 158); border-color: #1b579e;">
      <div class="v-toolbar__content" style="height: 48px;">
        <div class="v-toolbar__title">Aachen</div>
        <div class="spacer"></div>
        <h3 class="text-h6">ID: 1</h3>
      </div>
    </header>
    <div class="grey--text text--darken-5 my-4">
      <div class="container">
        <div class="layout row">
          <div class="flex pl-4 xs12">
            Mass:
            <span class="blue--text text--darken-3">
              21(g)</span>
          </div>
          <div class="flex pl-4 mt-1 xs12">
            Reclat:
            <span class="blue--text text--darken-3">(50.775000)</span>
          </div>
          <div class="flex pl-4 mt-1 xs12">
            Reclong:
            <span class="blue--text text--darken-3">(6.083330)</span>
          </div>
          <div class="flex pl-4 mt-1 xs12">
            Nametype:
            <span class="blue--text text--darken-3">Valid</span>
          </div>
          <div class="flex pl-4 mt-1 xs12">
            Fall:
            <span class="blue--text text--darken-3">Fell</span>
          </div>
        </div>
      </div>
    </div>
    <footer class="v-footer white--text blue-grey lighten-5 pb-3 v-sheet theme--light">
      <div class="layout py-3 block row">
        <div class="flex block xs12">
          <router-link-stub to="[object Object]" tag="a" activeclass="v-btn--active" exactactiveclass="v-btn--active" ariacurrentvalue="page" event="click" class="text-subtitle-1 darkPrimary--text v-btn v-btn--outlined v-btn--router v-btn--text theme--light v-size--x-small" style="height: 48px; width: 100%;"><span class="v-btn__content">
            Reclass: L5
          </span></router-link-stub>
        </div>
        <div class="flex xs12">
          <router-link-stub to="[object Object]" tag="a" activeclass="v-btn--active" exactactiveclass="v-btn--active" ariacurrentvalue="page" event="click" class="text-subtitle-1 darkPrimary--text v-btn v-btn--outlined v-btn--router v-btn--text theme--light v-size--x-small" style="height: 48px; width: 100%;"><span class="v-btn__content">
            year:1880</span></router-link-stub>
        </div>
        <div class="flex mt-1 mx-auto xs6"><span class="v-tooltip v-tooltip--bottom"><!----><button type="button" class="v-btn v-btn--is-elevated v-btn--has-bg theme--light v-size--default" style="width: 100%;" id="favorite-icon" data-testid="button" aria-haspopup="true" aria-expanded="false"><span class="v-btn__content"><svg id="Layer_1" data-name="Layer 1" xmlns="http://www.w3.org/2000/svg" viewBox="0 0 111 197.29" height="2em" width="2em"><transition-stub name="bookmark"><polygon id="background" points="109.5 193.5 56.02 136.52 1.5 193.5 1.5 1.5 109.5 1.5 109.5 193.5" fill="#1b579e" stroke="#000" stroke-miterlimit="10" stroke-width="3"></polygon></transition-stub> <transition-stub name="star"><polygon id="star" points="78.31 91.9 55 80.53 31.54 91.57 36.16 67.86 17.35 50.91 43.52 47.63 55.35 26.11 66.9 47.79 93.03 51.44 74 68.13 78.31 91.9" fill="#f9ff00" stroke="#000" stroke-miterlimit="10" stroke-width="3"></polygon></transition-stub></svg></span></button></span></div>
        <div class="flex mt-1 xs6"><span class="v-tooltip v-tooltip--bottom"><!----><button type="button" class="v-btn v-btn--is-elevated v-btn--has-bg theme--light v-size--default" style="width: 100%;" aria-haspopup="true" aria-expanded="false"><span class="v-btn__content"><svg id="Layer_1" data-name="Layer 1" xmlns="http://www.w3.org/2000/svg" viewBox="0 0 163 158.49" height="2em" width="2em"><transition-stub name="border"><rect x="1" y="1" width="161" height="156.49" stroke="#000" stroke-miterlimit="10" stroke-width="0" fill="#fff"></rect></transition-stub> <path d="M137.45,134.74a6.9,6.9,0,0,1-4.61-2.09l-45-44c-2.28-2.23-2.92-5.46-1.38-7.06a3.28,3.28,0,0,1,2.39-.91,6.9,6.9,0,0,1,4.61,2.09l45.05,44c2.28,2.23,2.91,5.46,1.38,7.05A3.26,3.26,0,0,1,137.45,134.74Z"></path> <path d="M88.81,82.65A4.89,4.89,0,0,1,92,84.17l45.05,44c1.68,1.64,1.91,3.63,1.33,4.24a1.35,1.35,0,0,1-1,.29,4.89,4.89,0,0,1-3.21-1.51l-45-44c-1.68-1.64-1.92-3.64-1.34-4.24a1.34,1.34,0,0,1,1-.3m0-4A5.19,5.19,0,0,0,85,80.18h0c-2.33,2.41-1.69,6.83,1.42,9.87l45,44a8.82,8.82,0,0,0,6,2.65,5.21,5.21,0,0,0,3.84-1.52h0c2.32-2.41,1.68-6.83-1.43-9.87l-45-44a8.81,8.81,0,0,0-6-2.66Z"></path> <path d="M19.92,53.66c.84,50.11,74.87,50.12,75.72,0C94.8,3.54,20.77,3.54,19.92,53.66Z" fill="#c9fbff" stroke="#000" stroke-miterlimit="10" stroke-width="6"></path></svg></span></button></span></div>
      </div>
    </footer>
  </div>
</div>
`;
